// Jest Snapshot v1, https://goo.gl/fbAQLP

exports[`Schema Export mutations todo item have payloads for Add and Remove 1`] = `
"# on model TodoItem - user
type AddToTodoItemOnUserPayload {
  todoItemsTodoItem: TodoItem
  userUser: User
}

type RemoveFromTodoItemOnUserPayload {
  todoItemsTodoItem: TodoItem
  userUser: User
}
# on model TodoItem - images
type AddToImageTodoItemOnTodoItemPayload {
  todoTodoItem: TodoItem
  imagesImageTodoItem: ImageTodoItem
}

type RemoveFromImageTodoItemOnTodoItemPayload {
  todoTodoItem: TodoItem
  imagesImageTodoItem: ImageTodoItem
}
"
`;
